[List description]
[Description]
 Text=Liste der überwiesene Zahlungen
 FileVersion=4
 Units=SCM-Units
 Metric=0
 TextQuote.Start=1
 TextQuote.End=1
 RepresentationCode.CondStart=171
 RepresentationCode.CondSep=166
 RepresentationCode.CondEnd=187
 RepresentationCode.Tab=247
 RepresentationCode.Ret=182
 RepresentationCode.PhantomSpace=2
 RepresentationCode.LockNextChar=3
 RepresentationCode.ExprSep=164
 LCID=7
 Created=<unknown>
 CreatedByApp=<unknown>
 CreatedByDLL=<unknown>
 CreatedByUser=<unknown>
 LastModified=<unknown>
 LastModifiedByApp=<unknown>
 LastModifiedByDLL=<unknown>
 LastModifiedByUser=<unknown>
[Layout]
 P1.Template=
 P2.Template=
 xOffset=0
 yOffset=0
 xSize=210000
 ySize=297000
 P1.xOffset=0
 P1.yOffset=0
 P1.xSize=210000
 P1.ySize=297000
 P2.xOffset=0
 P2.yOffset=0
 P2.xSize=210000
 P2.ySize=297000
 P1.nPaperFormat=9
 P1.xPaperSize=210000
 P1.yPaperSize=297000
 P1.ForcePaperFormat=FALSE
 P2.nPaperFormat=9
 P2.xPaperSize=210000
 P2.yPaperSize=297000
 P2.ForcePaperFormat=FALSE
 xGrid=1000
 yGrid=1000
 GridShow=TRUE
 GridSnap=FALSE
 PhysicalPage=TRUE
 P1.PhysicalPage=TRUE
 P2.PhysicalPage=TRUE
 Orientation=1
 P1.Orientation=1
 P2.Orientation=1
 EnhancedExpressions=TRUE
 EnhancedOldExpressions=FALSE
 Decimals=2
 DefFont={(0,0,0),10,-13,0,0,0,400,0,0,0,0,3,2,1,34,Arial}
 HelpLines.Horizontal=
 HelpLines.Vertical=
[UserSection]
[SumVariables]
 Sum1=@STotal;T;Betrag
 Sum2=@TTotal;F;Betrag
[Layer]
 Name=Basis
 Condition=
 WorkspaceColor=(0,0,0)
 Visible=TRUE
 LayerID=0
[Layer]
 Name=Erste Seite
 Condition=Page() = 1
 WorkspaceColor=(0,128,64)
 Visible=TRUE
 LayerID=1
[Layer]
 Name=Folgeseiten
 Condition=Page() <> 1
 WorkspaceColor=(0,0,255)
 Visible=TRUE
 LayerID=2
[Object]
 ObjectID=1
 ObjectName=Text
 Locked=FALSE
 LinkID=1
 LinkToID=0
 LinkMode=32
 LinkTest=-23359
 LayerID=0
 GroupID=0
 Identifier=
 Condition=True
 UserLocked=False
 WrapBefore=False
 Position/Left=7300
 Position/Top=9800
 Position/Width=61400
 Position/Height=13700
 Direction=0
 bFill=False
 BkColor=RGB(255,255,255)
 bPageWrap=False
 bBottomAligned=False
 [@Lines]
  {
  [Lines]
   {
   [Line]
	{
	[Font]
	 {
	 Default=False
	 Name=Arial
	 GdiCharSet=0
	 Size=12
	 Width=0
	 Bold=True
	 Italic=True
	 Underline=False
	 Strikeout=False
	 Color=RGB(0,0,0)
	 PitchAndFamily=34
	 OutPrecision=3
	 }
	Align=0
	Adjusted=False
	Uneraseable=True
	LineWrap=True
	PageWrapAllowed=False
	SpaceOptimization=True
	Spacing.Paragraph=0
	Spacing.Line=0
	Text="Liste der überwiesenen Zahlungen Nr. " + fStr$(CreatedVGNr, "########", 1)
	Tab=0
	TabAlign=0
	}
   }
  }
[Object]
 ObjectID=6
 ObjectName=Tabelle
 Locked=FALSE
 LinkID=9
 LinkToID=0
 LinkMode=32
 LinkTest=-28801
 LayerID=0
 GroupID=0
 Identifier=
 Condition=True
 UserLocked=False
 WrapBefore=False
 Position/Left=7300
 Position/Top=27200
 Position/Width=191400
 Position/Height=250600
 Direction=0
 bFill=False
 BkColor=RGB(255,255,255)
 FgColor=RGB(64,64,64)
 bFooterOnBottom=False
 bFillBottom=False
 PageBreakCondition=False
 DefaultFont=default
 GroupHeaderLines/bConcatDataLines=True
 GroupFooterLines/bAlsoOnEmptyGroup=False
 DataLines/bKeepTogether=True
 DataLines/bSuppress=False
 DataLines/bForceSumCalculation=False
 ZebraPattern=False
 ZebraPattern/Color=RGB(0,0,0)
 ZebraPattern/Pattern=6
 FooterLines/bKeepTogether=False
 [@Lines]
  {
  [Lines]
   {
   [Body]
	{
	[Options]
	 {
	 }
	[Lines]
	 {
	 [Line]
	  {
	  LineID=0
	  [Columns]
	   {
	   Columns=7
	   [Column]
		{
		Width=40000
		Height=10000
		bIsotropic=True
		PlainTextFormat=True
		Align=0
		AlignDecPosition=-10000
		VAlign=1
		Adjusted=False
		[Separator]
		 {
		 Used=True
		 Width=0
		 }
		LineWrap=False
		bFill=False
		BkColor=RGB(255,255,128)
		Raster=0
		FgColor=RGB(0,0,0)
		SpaceOptimization=False
		WithText=False
		[Spacing]
		 {
		 Left=1000
		 Top=500
		 Right=1000
		 Bottom=500
		 }
		[Font]
		 {
		 Default=False
		 Name=Arial
		 GdiCharSet=0
		 Size=7
		 Width=0
		 Bold=False
		 Italic=False
		 Underline=False
		 Strikeout=False
		 Color=RGB(0,0,0)
		 PitchAndFamily=34
		 OutPrecision=3
		 }
		Text=MAName
		}
	   [Column]
		{
		Width=15000
		Height=10000
		bIsotropic=True
		PlainTextFormat=True
		Align=0
		AlignDecPosition=-10000
		VAlign=1
		Adjusted=False
		[Separator]
		 {
		 Used=True
		 Width=0
		 }
		LineWrap=False
		bFill=False
		BkColor=RGB(192,192,192)
		Raster=0
		FgColor=RGB(0,0,0)
		SpaceOptimization=False
		WithText=False
		[Spacing]
		 {
		 Left=1000
		 Top=500
		 Right=1000
		 Bottom=500
		 }
		[Font]
		 {
		 Default=False
		 Name=Arial
		 GdiCharSet=0
		 Size=7
		 Width=0
		 Bold=False
		 Italic=False
		 Underline=False
		 Strikeout=False
		 Color=RGB(0,0,0)
		 PitchAndFamily=34
		 OutPrecision=3
		 }
		Text=FStr$(ClearingNr,"#####")
		}
	   [Column]
		{
		Width=40000
		Height=10000
		bIsotropic=True
		PlainTextFormat=True
		Align=0
		AlignDecPosition=-10000
		VAlign=1
		Adjusted=False
		[Separator]
		 {
		 Used=True
		 Width=0
		 }
		LineWrap=False
		bFill=False
		BkColor=RGB(192,192,192)
		Raster=0
		FgColor=RGB(0,0,0)
		SpaceOptimization=False
		WithText=False
		[Spacing]
		 {
		 Left=1000
		 Top=500
		 Right=1000
		 Bottom=500
		 }
		[Font]
		 {
		 Default=False
		 Name=Arial
		 GdiCharSet=0
		 Size=7
		 Width=0
		 Bold=False
		 Italic=False
		 Underline=False
		 Strikeout=False
		 Color=RGB(0,0,0)
		 PitchAndFamily=34
		 OutPrecision=3
		 }
		Text=Bank
		}
	   [Column]
		{
		Width=20000
		Height=10000
		bIsotropic=True
		PlainTextFormat=True
		Align=0
		AlignDecPosition=-10000
		VAlign=1
		Adjusted=False
		[Separator]
		 {
		 Used=True
		 Width=0
		 }
		LineWrap=False
		bFill=False
		BkColor=RGB(255,255,128)
		Raster=0
		FgColor=RGB(0,0,0)
		SpaceOptimization=False
		WithText=False
		[Spacing]
		 {
		 Left=1000
		 Top=500
		 Right=1000
		 Bottom=500
		 }
		[Font]
		 {
		 Default=False
		 Name=Arial
		 GdiCharSet=0
		 Size=7
		 Width=0
		 Bold=False
		 Italic=False
		 Underline=False
		 Strikeout=False
		 Color=RGB(0,0,0)
		 PitchAndFamily=34
		 OutPrecision=3
		 }
		Text=KontoNr
		}
	   [Column]
		{
		Width=40000
		Height=10000
		bIsotropic=True
		PlainTextFormat=True
		Align=0
		AlignDecPosition=-10000
		VAlign=1
		Adjusted=False
		[Separator]
		 {
		 Used=True
		 Width=0
		 }
		LineWrap=False
		bFill=False
		BkColor=RGB(0,0,0)
		Raster=0
		FgColor=RGB(0,0,0)
		SpaceOptimization=False
		WithText=False
		[Spacing]
		 {
		 Left=1000
		 Top=500
		 Right=1000
		 Bottom=500
		 }
		[Font]
		 {
		 Default=False
		 Name=Arial
		 GdiCharSet=0
		 Size=7
		 Width=0
		 Bold=False
		 Italic=False
		 Underline=False
		 Strikeout=False
		 Color=RGB(0,0,0)
		 PitchAndFamily=34
		 OutPrecision=3
		 }
		Text=ZGGrund
		}
	   [Column]
		{
		Width=10000
		Height=10000
		bIsotropic=True
		PlainTextFormat=True
		Align=2
		AlignDecPosition=-10000
		VAlign=1
		Adjusted=False
		[Separator]
		 {
		 Used=True
		 Width=0
		 }
		LineWrap=False
		bFill=False
		BkColor=RGB(0,0,0)
		Raster=0
		FgColor=RGB(0,0,0)
		SpaceOptimization=False
		WithText=False
		[Spacing]
		 {
		 Left=1000
		 Top=500
		 Right=1000
		 Bottom=500
		 }
		[Font]
		 {
		 Default=False
		 Name=Arial
		 GdiCharSet=0
		 Size=7
		 Width=0
		 Bold=False
		 Italic=False
		 Underline=False
		 Strikeout=False
		 Color=RGB(0,0,0)
		 PitchAndFamily=34
		 OutPrecision=3
		 }
		Text=fstr$(LP, "##", 1)
		}
	   [Column]
		{
		Width=25000
		Height=10000
		bIsotropic=True
		PlainTextFormat=True
		Align=2
		AlignDecPosition=-10000
		VAlign=1
		Adjusted=False
		[Separator]
		 {
		 Used=True
		 Width=0
		 }
		LineWrap=False
		bFill=False
		BkColor=RGB(255,255,128)
		Raster=0
		FgColor=RGB(0,0,0)
		SpaceOptimization=False
		WithText=False
		[Spacing]
		 {
		 Left=1000
		 Top=500
		 Right=1000
		 Bottom=500
		 }
		[Font]
		 {
		 Default=False
		 Name=Arial
		 GdiCharSet=0
		 Size=7
		 Width=0
		 Bold=False
		 Italic=False
		 Underline=False
		 Strikeout=False
		 Color=RGB(0,0,0)
		 PitchAndFamily=34
		 OutPrecision=3
		 }
		Text=fstr$(Betrag, "###,###,##&.&&", 1)
		}
	   }
	  [Options]
	   {
	   [Frame0]
		{
		Show=FALSE
		Width=0
		SpaceOut=0
		}
	   [Frame1]
		{
		Show=TRUE
		Width=0
		SpaceOut=0
		}
	   [Frame2]
		{
		Show=TRUE
		Width=0
		SpaceOut=0
		}
	   [Frame3]
		{
		Show=FALSE
		Width=300
		SpaceOut=0
		}
	   LFont={(0,0,0),10,-13,0,0,0,400,0,0,0,0,3,2,1,34,Arial}
	   LCondition=
	   IgnoreEmpty=TRUE
	   Description=Zeilendefinition  1
	   }
	  }
	 }
	}
   [Header]
	{
	[Options]
	 {
	 }
	[Lines]
	 {
	 [Line]
	  {
	  LineID=0
	  [Columns]
	   {
	   Columns=7
	   [Column]
		{
		Width=40000
		Height=10000
		bIsotropic=True
		PlainTextFormat=True
		Align=0
		AlignDecPosition=-10000
		VAlign=1
		Adjusted=False
		[Separator]
		 {
		 Used=False
		 Width=0
		 }
		LineWrap=False
		bFill=False
		BkColor=RGB(0,0,0)
		Raster=0
		FgColor=RGB(0,0,0)
		SpaceOptimization=False
		WithText=False
		[Spacing]
		 {
		 Left=1000
		 Top=500
		 Right=1000
		 Bottom=500
		 }
		[Font]
		 {
		 Default=False
		 Name=Arial
		 GdiCharSet=0
		 Size=9
		 Width=0
		 Bold=True
		 Italic=True
		 Underline=False
		 Strikeout=False
		 Color=RGB(0,0,0)
		 PitchAndFamily=34
		 OutPrecision=3
		 }
		Text="Nach- / Vorname"
		}
	   [Column]
		{
		Width=15000
		Height=10000
		bIsotropic=True
		PlainTextFormat=True
		Align=0
		AlignDecPosition=-10000
		VAlign=1
		Adjusted=False
		[Separator]
		 {
		 Used=False
		 Width=0
		 }
		LineWrap=False
		bFill=False
		BkColor=RGB(0,0,0)
		Raster=0
		FgColor=RGB(0,0,0)
		SpaceOptimization=False
		WithText=False
		[Spacing]
		 {
		 Left=1000
		 Top=500
		 Right=1000
		 Bottom=500
		 }
		[Font]
		 {
		 Default=False
		 Name=Arial
		 GdiCharSet=0
		 Size=9
		 Width=0
		 Bold=True
		 Italic=True
		 Underline=False
		 Strikeout=False
		 Color=RGB(0,0,0)
		 PitchAndFamily=34
		 OutPrecision=3
		 }
		Text="Bc-Nr"
		}
	   [Column]
		{
		Width=40000
		Height=10000
		bIsotropic=True
		PlainTextFormat=True
		Align=0
		AlignDecPosition=-10000
		VAlign=1
		Adjusted=False
		[Separator]
		 {
		 Used=False
		 Width=0
		 }
		LineWrap=False
		bFill=False
		BkColor=RGB(0,0,0)
		Raster=0
		FgColor=RGB(0,0,0)
		SpaceOptimization=False
		WithText=False
		[Spacing]
		 {
		 Left=1000
		 Top=500
		 Right=1000
		 Bottom=500
		 }
		[Font]
		 {
		 Default=False
		 Name=Arial
		 GdiCharSet=0
		 Size=9
		 Width=0
		 Bold=True
		 Italic=True
		 Underline=False
		 Strikeout=False
		 Color=RGB(0,0,0)
		 PitchAndFamily=34
		 OutPrecision=3
		 }
		Text="Bank"
		}
	   [Column]
		{
		Width=20000
		Height=10000
		bIsotropic=True
		PlainTextFormat=True
		Align=0
		AlignDecPosition=-10000
		VAlign=1
		Adjusted=False
		[Separator]
		 {
		 Used=False
		 Width=0
		 }
		LineWrap=False
		bFill=False
		BkColor=RGB(0,0,0)
		Raster=0
		FgColor=RGB(0,0,0)
		SpaceOptimization=False
		WithText=False
		[Spacing]
		 {
		 Left=1000
		 Top=500
		 Right=1000
		 Bottom=500
		 }
		[Font]
		 {
		 Default=False
		 Name=Arial
		 GdiCharSet=0
		 Size=9
		 Width=0
		 Bold=True
		 Italic=True
		 Underline=False
		 Strikeout=False
		 Color=RGB(0,0,0)
		 PitchAndFamily=34
		 OutPrecision=3
		 }
		Text="Kontonr"
		}
	   [Column]
		{
		Width=40000
		Height=10000
		bIsotropic=True
		PlainTextFormat=True
		Align=0
		AlignDecPosition=-10000
		VAlign=1
		Adjusted=False
		[Separator]
		 {
		 Used=False
		 Width=0
		 }
		LineWrap=False
		bFill=False
		BkColor=RGB(0,0,0)
		Raster=0
		FgColor=RGB(0,0,0)
		SpaceOptimization=False
		WithText=False
		[Spacing]
		 {
		 Left=1000
		 Top=500
		 Right=1000
		 Bottom=500
		 }
		[Font]
		 {
		 Default=False
		 Name=Arial
		 GdiCharSet=0
		 Size=9
		 Width=0
		 Bold=True
		 Italic=True
		 Underline=False
		 Strikeout=False
		 Color=RGB(0,0,0)
		 PitchAndFamily=34
		 OutPrecision=3
		 }
		Text="Zahlungsgrund"
		}
	   [Column]
		{
		Width=10000
		Height=10000
		bIsotropic=True
		PlainTextFormat=True
		Align=2
		AlignDecPosition=-10000
		VAlign=1
		Adjusted=False
		[Separator]
		 {
		 Used=False
		 Width=0
		 }
		LineWrap=False
		bFill=False
		BkColor=RGB(0,0,0)
		Raster=0
		FgColor=RGB(0,0,0)
		SpaceOptimization=False
		WithText=False
		[Spacing]
		 {
		 Left=1000
		 Top=500
		 Right=1000
		 Bottom=500
		 }
		[Font]
		 {
		 Default=False
		 Name=Arial
		 GdiCharSet=0
		 Size=9
		 Width=0
		 Bold=True
		 Italic=True
		 Underline=False
		 Strikeout=False
		 Color=RGB(0,0,0)
		 PitchAndFamily=34
		 OutPrecision=3
		 }
		Text="LP"
		}
	   [Column]
		{
		Width=25000
		Height=10000
		bIsotropic=True
		PlainTextFormat=True
		Align=2
		AlignDecPosition=-10000
		VAlign=1
		Adjusted=False
		[Separator]
		 {
		 Used=False
		 Width=0
		 }
		LineWrap=False
		bFill=False
		BkColor=RGB(192,192,192)
		Raster=0
		FgColor=RGB(0,0,0)
		SpaceOptimization=False
		WithText=False
		[Spacing]
		 {
		 Left=1000
		 Top=500
		 Right=1000
		 Bottom=500
		 }
		[Font]
		 {
		 Default=False
		 Name=Arial
		 GdiCharSet=0
		 Size=9
		 Width=0
		 Bold=True
		 Italic=True
		 Underline=False
		 Strikeout=False
		 Color=RGB(0,0,0)
		 PitchAndFamily=34
		 OutPrecision=3
		 }
		Text="Betrag"
		}
	   }
	  [Options]
	   {
	   [Frame0]
		{
		Show=FALSE
		Width=0
		SpaceOut=0
		}
	   [Frame1]
		{
		Show=TRUE
		Width=0
		SpaceOut=0
		}
	   [Frame2]
		{
		Show=TRUE
		Width=0
		SpaceOut=0
		}
	   [Frame3]
		{
		Show=TRUE
		Width=500
		SpaceOut=0
		}
	   LFont=default
	   LCondition=
	   IgnoreEmpty=TRUE
	   Description=Zeilendefinition  1
	   }
	  }
	 }
	}
   [Footer]
	{
	[Options]
	 {
	 }
	[Lines]
	 {
	 [Line]
	  {
	  LineID=0
	  [Columns]
	   {
	   Columns=2
	   [Column]
		{
		Width=165000
		Height=10000
		bIsotropic=True
		PlainTextFormat=True
		Align=0
		AlignDecPosition=-10000
		VAlign=1
		Adjusted=False
		[Separator]
		 {
		 Used=False
		 Width=0
		 }
		LineWrap=False
		bFill=False
		BkColor=RGB(0,0,0)
		Raster=0
		FgColor=RGB(0,0,0)
		SpaceOptimization=False
		WithText=False
		[Spacing]
		 {
		 Left=1000
		 Top=500
		 Right=1000
		 Bottom=500
		 }
		[Font]
		 {
		 Default=False
		 Name=Arial
		 GdiCharSet=0
		 Size=8
		 Width=0
		 Bold=False
		 Italic=False
		 Underline=False
		 Strikeout=False
		 Color=RGB(0,0,0)
		 PitchAndFamily=34
		 OutPrecision=3
		 }
		Text=cond(lastpage(),"Totalbetrag", "Total der Seite")
		}
	   [Column]
		{
		Width=25000
		Height=10000
		bIsotropic=True
		PlainTextFormat=True
		Align=2
		AlignDecPosition=-10000
		VAlign=1
		Adjusted=False
		[Separator]
		 {
		 Used=False
		 Width=0
		 }
		LineWrap=False
		bFill=False
		BkColor=RGB(0,0,0)
		Raster=0
		FgColor=RGB(0,0,0)
		SpaceOptimization=False
		WithText=False
		[Spacing]
		 {
		 Left=1000
		 Top=500
		 Right=1000
		 Bottom=500
		 }
		[Font]
		 {
		 Default=False
		 Name=Arial
		 GdiCharSet=0
		 Size=8
		 Width=0
		 Bold=False
		 Italic=False
		 Underline=False
		 Strikeout=False
		 Color=RGB(0,0,0)
		 PitchAndFamily=34
		 OutPrecision=3
		 }
		Text=fstr$(cond(lastpage(), @TTotal, @STotal), "---,---,---,---,--&.&&", 1)
		}
	   }
	  [Options]
	   {
	   [Frame0]
		{
		Show=TRUE
		Width=500
		SpaceOut=0
		}
	   [Frame1]
		{
		Show=TRUE
		Width=0
		SpaceOut=0
		}
	   [Frame2]
		{
		Show=TRUE
		Width=0
		SpaceOut=0
		}
	   [Frame3]
		{
		Show=FALSE
		Width=500
		SpaceOut=0
		}
	   LFont=default
	   LCondition=
	   IgnoreEmpty=TRUE
	   Description=Zeilendefinition  1
	   }
	  }
	 [Line]
	  {
	  LineID=1
	  [Columns]
	   {
	   Columns=2
	   [Column]
		{
		Width=165000
		Height=10000
		bIsotropic=True
		PlainTextFormat=True
		Align=0
		AlignDecPosition=-10000
		VAlign=1
		Adjusted=False
		[Separator]
		 {
		 Used=False
		 Width=0
		 }
		LineWrap=False
		bFill=False
		BkColor=RGB(0,0,0)
		Raster=0
		FgColor=RGB(0,0,0)
		SpaceOptimization=False
		WithText=False
		[Spacing]
		 {
		 Left=1000
		 Top=500
		 Right=1000
		 Bottom=500
		 }
		[Font]
		 {
		 Default=False
		 Name=Arial
		 GdiCharSet=0
		 Size=8
		 Width=0
		 Bold=False
		 Italic=False
		 Underline=False
		 Strikeout=False
		 Color=RGB(0,0,0)
		 PitchAndFamily=34
		 OutPrecision=3
		 }
		Text="Anzahl Seitendatensätze"
		}
	   [Column]
		{
		Width=25000
		Height=10000
		bIsotropic=True
		PlainTextFormat=True
		Align=2
		AlignDecPosition=-10000
		VAlign=1
		Adjusted=False
		[Separator]
		 {
		 Used=False
		 Width=0
		 }
		LineWrap=False
		bFill=False
		BkColor=RGB(0,0,0)
		Raster=0
		FgColor=RGB(0,0,0)
		SpaceOptimization=False
		WithText=False
		[Spacing]
		 {
		 Left=1000
		 Top=500
		 Right=1000
		 Bottom=500
		 }
		[Font]
		 {
		 Default=False
		 Name=Arial
		 GdiCharSet=0
		 Size=8
		 Width=0
		 Bold=False
		 Italic=False
		 Underline=False
		 Strikeout=False
		 Color=RGB(0,0,0)
		 PitchAndFamily=34
		 OutPrecision=3
		 }
		Text=fstr$(LL.CountPrintedDataThisPage, "###", 1)
		}
	   }
	  [Options]
	   {
	   [Frame0]
		{
		Show=TRUE
		Width=200
		SpaceOut=0
		}
	   [Frame1]
		{
		Show=TRUE
		Width=0
		SpaceOut=0
		}
	   [Frame2]
		{
		Show=TRUE
		Width=0
		SpaceOut=0
		}
	   [Frame3]
		{
		Show=TRUE
		Width=200
		SpaceOut=0
		}
	   LFont=default
	   LCondition=
	   IgnoreEmpty=TRUE
	   Description=Zeilendefinition  1 (1)
	   }
	  }
	 [Line]
	  {
	  LineID=2
	  [Columns]
	   {
	   Columns=2
	   [Column]
		{
		Width=165000
		Height=10000
		bIsotropic=True
		PlainTextFormat=True
		Align=0
		AlignDecPosition=-10000
		VAlign=1
		Adjusted=False
		[Separator]
		 {
		 Used=False
		 Width=0
		 }
		LineWrap=False
		bFill=False
		BkColor=RGB(0,0,0)
		Raster=0
		FgColor=RGB(0,0,0)
		SpaceOptimization=False
		WithText=False
		[Spacing]
		 {
		 Left=1000
		 Top=500
		 Right=1000
		 Bottom=500
		 }
		[Font]
		 {
		 Default=False
		 Name=Arial
		 GdiCharSet=0
		 Size=8
		 Width=0
		 Bold=False
		 Italic=False
		 Underline=False
		 Strikeout=False
		 Color=RGB(0,0,0)
		 PitchAndFamily=34
		 OutPrecision=3
		 }
		Text="Anzahl Datensätze"
		}
	   [Column]
		{
		Width=25000
		Height=10000
		bIsotropic=True
		PlainTextFormat=True
		Align=2
		AlignDecPosition=-10000
		VAlign=1
		Adjusted=False
		[Separator]
		 {
		 Used=False
		 Width=0
		 }
		LineWrap=False
		bFill=False
		BkColor=RGB(0,0,0)
		Raster=0
		FgColor=RGB(0,0,0)
		SpaceOptimization=False
		WithText=False
		[Spacing]
		 {
		 Left=1000
		 Top=500
		 Right=1000
		 Bottom=500
		 }
		[Font]
		 {
		 Default=False
		 Name=Arial
		 GdiCharSet=0
		 Size=8
		 Width=0
		 Bold=False
		 Italic=False
		 Underline=False
		 Strikeout=False
		 Color=RGB(0,0,0)
		 PitchAndFamily=34
		 OutPrecision=3
		 }
		Text=Fstr$ (LL.FCountPrintedData - 1, "######", 1)
		}
	   }
	  [Options]
	   {
	   [Frame0]
		{
		Show=FALSE
		Width=500
		SpaceOut=0
		}
	   [Frame1]
		{
		Show=TRUE
		Width=0
		SpaceOut=0
		}
	   [Frame2]
		{
		Show=TRUE
		Width=0
		SpaceOut=0
		}
	   [Frame3]
		{
		Show=TRUE
		Width=500
		SpaceOut=0
		}
	   LFont=default
	   LCondition=Lastpage ()
	   IgnoreEmpty=TRUE
	   Description=Zeilendefinition  1 (2)
	   }
	  }
	 }
	}
   [GroupHeader]
	{
	[Options]
	 {
	 }
	[Lines]
	 {
	 }
	}
   [GroupFooter]
	{
	[Options]
	 {
	 }
	[Lines]
	 {
	 }
	}
   }
  }
[Object]
 ObjectID=1
 ObjectName=Text
 Locked=FALSE
 LinkID=31
 LinkToID=0
 LinkMode=32
 LinkTest=-3044
 LayerID=0
 GroupID=0
 Identifier=
 Condition=True
 UserLocked=False
 WrapBefore=False
 Position/Left=7300
 Position/Top=282100
 Position/Width=62100
 Position/Height=6000
 Direction=0
 bFill=False
 BkColor=RGB(255,255,255)
 bPageWrap=False
 bBottomAligned=False
 [@Lines]
  {
  [Lines]
   {
   [Line]
	{
	[Font]
	 {
	 Default=False
	 Name=Arial
	 GdiCharSet=0
	 Size=8
	 Width=0
	 Bold=True
	 Italic=True
	 Underline=False
	 Strikeout=False
	 Color=RGB(0,0,0)
	 PitchAndFamily=34
	 OutPrecision=3
	 }
	Align=0
	Adjusted=False
	Uneraseable=False
	LineWrap=False
	PageWrapAllowed=False
	SpaceOptimization=True
	Spacing.Paragraph=0
	Spacing.Line=0
	Text="BC-Nr = Banken-Clearingsnummer"
	Tab=0
	TabAlign=0
	}
   [Line]
	{
	[Font]
	 {
	 Default=False
	 Name=Arial
	 GdiCharSet=0
	 Size=8
	 Width=0
	 Bold=True
	 Italic=True
	 Underline=False
	 Strikeout=False
	 Color=RGB(0,0,0)
	 PitchAndFamily=34
	 OutPrecision=3
	 }
	Align=0
	Adjusted=False
	Uneraseable=False
	LineWrap=False
	PageWrapAllowed=False
	SpaceOptimization=True
	Spacing.Paragraph=0
	Spacing.Line=0
	Text="LP = Monat"
	Tab=0
	TabAlign=0
	}
   }
  }
[Object]
 ObjectID=1
 ObjectName=Text
 Locked=FALSE
 LinkID=36
 LinkToID=0
 LinkMode=32
 LinkTest=-5934
 LayerID=0
 GroupID=0
 Identifier=
 Condition=True
 UserLocked=False
 WrapBefore=False
 Position/Left=81900
 Position/Top=9800
 Position/Width=59900
 Position/Height=14600
 Direction=0
 bFill=False
 BkColor=RGB(255,255,255)
 bPageWrap=False
 bBottomAligned=False
 [@Lines]
  {
  [Lines]
   {
   [Line]
	{
	[Font]
	 {
	 Default=False
	 Name=Arial
	 GdiCharSet=0
	 Size=8
	 Width=0
	 Bold=False
	 Italic=False
	 Underline=False
	 Strikeout=False
	 Color=RGB(0,0,0)
	 PitchAndFamily=34
	 OutPrecision=3
	 }
	Align=0
	Adjusted=False
	Uneraseable=False
	LineWrap=False
	PageWrapAllowed=False
	SpaceOptimization=True
	Spacing.Paragraph=0
	Spacing.Line=0
	Text=MDName
	Tab=0
	TabAlign=0
	}
   [Line]
	{
	[Font]
	 {
	 Default=False
	 Name=Arial
	 GdiCharSet=0
	 Size=8
	 Width=0
	 Bold=False
	 Italic=False
	 Underline=False
	 Strikeout=False
	 Color=RGB(0,0,0)
	 PitchAndFamily=34
	 OutPrecision=3
	 }
	Align=0
	Adjusted=False
	Uneraseable=False
	LineWrap=False
	PageWrapAllowed=False
	SpaceOptimization=True
	Spacing.Paragraph=0
	Spacing.Line=0
	Text=MDName2
	Tab=0
	TabAlign=0
	}
   [Line]
	{
	[Font]
	 {
	 Default=False
	 Name=Arial
	 GdiCharSet=0
	 Size=8
	 Width=0
	 Bold=False
	 Italic=False
	 Underline=False
	 Strikeout=False
	 Color=RGB(0,0,0)
	 PitchAndFamily=34
	 OutPrecision=3
	 }
	Align=0
	Adjusted=False
	Uneraseable=False
	LineWrap=False
	PageWrapAllowed=False
	SpaceOptimization=True
	Spacing.Paragraph=0
	Spacing.Line=0
	Text=MDName3
	Tab=0
	TabAlign=0
	}
   [Line]
	{
	[Font]
	 {
	 Default=False
	 Name=Arial
	 GdiCharSet=0
	 Size=8
	 Width=0
	 Bold=False
	 Italic=False
	 Underline=False
	 Strikeout=False
	 Color=RGB(0,0,0)
	 PitchAndFamily=34
	 OutPrecision=3
	 }
	Align=0
	Adjusted=False
	Uneraseable=False
	LineWrap=False
	PageWrapAllowed=False
	SpaceOptimization=True
	Spacing.Paragraph=0
	Spacing.Line=0
	Text=MDStrasse 
	Tab=0
	TabAlign=0
	}
   [Line]
	{
	[Font]
	 {
	 Default=False
	 Name=Arial
	 GdiCharSet=0
	 Size=8
	 Width=0
	 Bold=False
	 Italic=False
	 Underline=False
	 Strikeout=False
	 Color=RGB(0,0,0)
	 PitchAndFamily=34
	 OutPrecision=3
	 }
	Align=0
	Adjusted=False
	Uneraseable=False
	LineWrap=False
	PageWrapAllowed=False
	SpaceOptimization=True
	Spacing.Paragraph=0
	Spacing.Line=0
	Text=MDPLZ + " " + MDOrt
	Tab=0
	TabAlign=0
	}
   }
  }
[Object]
 ObjectID=1
 ObjectName=Text
 Locked=FALSE
 LinkID=37
 LinkToID=0
 LinkMode=32
 LinkTest=-26375
 LayerID=0
 GroupID=0
 Identifier=
 Condition=True
 UserLocked=False
 WrapBefore=False
 Position/Left=168700
 Position/Top=9800
 Position/Width=35000
 Position/Height=9400
 Direction=0
 bFill=False
 BkColor=RGB(255,255,255)
 bPageWrap=False
 bBottomAligned=False
 [@Lines]
  {
  [Lines]
   {
   [Line]
	{
	[Font]
	 {
	 Default=False
	 Name=Arial
	 GdiCharSet=0
	 Size=8
	 Width=0
	 Bold=False
	 Italic=False
	 Underline=False
	 Strikeout=False
	 Color=RGB(0,0,0)
	 PitchAndFamily=34
	 OutPrecision=3
	 }
	Align=0
	Adjusted=False
	Uneraseable=False
	LineWrap=False
	PageWrapAllowed=False
	SpaceOptimization=True
	Spacing.Paragraph=0
	Spacing.Line=0
	Text=Date$(Now(),"%DD, %d.%m.%y  um %02H:%02i")
	Tab=0
	TabAlign=0
	}
   [Line]
	{
	[Font]
	 {
	 Default=False
	 Name=Arial
	 GdiCharSet=0
	 Size=8
	 Width=0
	 Bold=False
	 Italic=False
	 Underline=False
	 Strikeout=False
	 Color=RGB(0,0,0)
	 PitchAndFamily=34
	 OutPrecision=3
	 }
	Align=0
	Adjusted=False
	Uneraseable=False
	LineWrap=False
	PageWrapAllowed=False
	SpaceOptimization=True
	Spacing.Paragraph=0
	Spacing.Line=0
	Text=FStr$(Page (),"#####")
	Tab=0
	TabAlign=0
	}
   [Line]
	{
	[Font]
	 {
	 Default=False
	 Name=Arial
	 GdiCharSet=0
	 Size=8
	 Width=0
	 Bold=False
	 Italic=False
	 Underline=False
	 Strikeout=False
	 Color=RGB(0,0,0)
	 PitchAndFamily=34
	 OutPrecision=3
	 }
	Align=0
	Adjusted=False
	Uneraseable=False
	LineWrap=False
	PageWrapAllowed=False
	SpaceOptimization=True
	Spacing.Paragraph=0
	Spacing.Line=0
	Text=Left$(AutorFName,1) + ". " + AutorLName
	Tab=0
	TabAlign=0
	}
   }
  }
[Object]
 ObjectID=1
 ObjectName=Text
 Locked=FALSE
 LinkID=38
 LinkToID=0
 LinkMode=32
 LinkTest=-1913
 LayerID=0
 GroupID=0
 Identifier=
 Condition=True
 UserLocked=False
 WrapBefore=False
 Position/Left=153700
 Position/Top=9800
 Position/Width=13800
 Position/Height=9200
 Direction=0
 bFill=False
 BkColor=RGB(255,255,255)
 bPageWrap=False
 bBottomAligned=False
 [@Lines]
  {
  [Lines]
   {
   [Line]
	{
	[Font]
	 {
	 Default=False
	 Name=Arial
	 GdiCharSet=0
	 Size=8
	 Width=0
	 Bold=True
	 Italic=False
	 Underline=False
	 Strikeout=False
	 Color=RGB(0,0,0)
	 PitchAndFamily=34
	 OutPrecision=3
	 }
	Align=0
	Adjusted=False
	Uneraseable=False
	LineWrap=False
	PageWrapAllowed=False
	SpaceOptimization=True
	Spacing.Paragraph=0
	Spacing.Line=0
	Text="Datum:"
	Tab=0
	TabAlign=0
	}
   [Line]
	{
	[Font]
	 {
	 Default=False
	 Name=Arial
	 GdiCharSet=0
	 Size=8
	 Width=0
	 Bold=True
	 Italic=False
	 Underline=False
	 Strikeout=False
	 Color=RGB(0,0,0)
	 PitchAndFamily=34
	 OutPrecision=3
	 }
	Align=0
	Adjusted=False
	Uneraseable=False
	LineWrap=False
	PageWrapAllowed=False
	SpaceOptimization=True
	Spacing.Paragraph=0
	Spacing.Line=0
	Text="Seite:"
	Tab=0
	TabAlign=0
	}
   [Line]
	{
	[Font]
	 {
	 Default=False
	 Name=Arial
	 GdiCharSet=0
	 Size=8
	 Width=0
	 Bold=True
	 Italic=False
	 Underline=False
	 Strikeout=False
	 Color=RGB(0,0,0)
	 PitchAndFamily=34
	 OutPrecision=3
	 }
	Align=0
	Adjusted=False
	Uneraseable=False
	LineWrap=False
	PageWrapAllowed=False
	SpaceOptimization=True
	Spacing.Paragraph=0
	Spacing.Line=0
	Text="Benutzer:"
	Tab=0
	TabAlign=0
	}
   }
  }
[UserVariables]
[FaxVariables]
